This is pdfTeX, Version 3.141592653-2.6-1.40.27 (TeX Live 2025) (preloaded format=pdflatex 2026.1.7)  7 FEB 2026 15:42
entering extended mode
 restricted \write18 enabled.
 file:line:error style messages enabled.
 %&-line parsing enabled.
**"/Users/Simon/Documents/Projects/EWF/Research/PhD/Ergodicity Economics/IOxEE/latex/collaboration.tex"
(/Users/Simon/Documents/Projects/EWF/Research/PhD/Ergodicity Economics/IOxEE/latex/collaboration.tex
LaTeX2e <2024-11-01> patch level 2
L3 programming layer <2025-01-18>
(/usr/local/texlive/2025/texmf-dist/tex/latex/base/article.cls
Document Class: article 2024/06/29 v1.4n Standard LaTeX document class
(/usr/local/texlive/2025/texmf-dist/tex/latex/base/size12.clo
File: size12.clo 2024/06/29 v1.4n Standard LaTeX file (size option)
)
\c@part=\count196
\c@section=\count197
\c@subsection=\count198
\c@subsubsection=\count199
\c@paragraph=\count266
\c@subparagraph=\count267
\c@figure=\count268
\c@table=\count269
\abovecaptionskip=\skip49
\belowcaptionskip=\skip50
\bibindent=\dimen141
) (/usr/local/texlive/2025/texmf-dist/tex/latex/base/inputenc.sty
Package: inputenc 2024/02/08 v1.3d Input encoding file
\inpenc@prehook=\toks17
\inpenc@posthook=\toks18
) (/usr/local/texlive/2025/texmf-dist/tex/latex/base/fontenc.sty
Package: fontenc 2021/04/29 v2.0v Standard LaTeX package
) (/usr/local/texlive/2025/texmf-dist/tex/latex/amsmath/amsmath.sty
Package: amsmath 2024/11/05 v2.17t AMS math features
\@mathmargin=\skip51

For additional information on amsmath, use the `?' option.
(/usr/local/texlive/2025/texmf-dist/tex/latex/amsmath/amstext.sty
Package: amstext 2021/08/26 v2.01 AMS text
 (/usr/local/texlive/2025/texmf-dist/tex/latex/amsmath/amsgen.sty
File: amsgen.sty 1999/11/30 v2.0 generic functions
\@emptytoks=\toks19
\ex@=\dimen142
)) (/usr/local/texlive/2025/texmf-dist/tex/latex/amsmath/amsbsy.sty
Package: amsbsy 1999/11/29 v1.2d Bold Symbols
\pmbraise@=\dimen143
) (/usr/local/texlive/2025/texmf-dist/tex/latex/amsmath/amsopn.sty
Package: amsopn 2022/04/08 v2.04 operator names
)
\inf@bad=\count270
LaTeX Info: Redefining \frac on input line 233.
\uproot@=\count271
\leftroot@=\count272
LaTeX Info: Redefining \overline on input line 398.
LaTeX Info: Redefining \colon on input line 409.
\classnum@=\count273
\DOTSCASE@=\count274
LaTeX Info: Redefining \ldots on input line 495.
LaTeX Info: Redefining \dots on input line 498.
LaTeX Info: Redefining \cdots on input line 619.
\Mathstrutbox@=\box52
\strutbox@=\box53
LaTeX Info: Redefining \big on input line 721.
LaTeX Info: Redefining \Big on input line 722.
LaTeX Info: Redefining \bigg on input line 723.
LaTeX Info: Redefining \Bigg on input line 724.
\big@size=\dimen144
LaTeX Font Info:    Redeclaring font encoding OML on input line 742.
LaTeX Font Info:    Redeclaring font encoding OMS on input line 743.
\macc@depth=\count275
LaTeX Info: Redefining \bmod on input line 904.
LaTeX Info: Redefining \pmod on input line 909.
LaTeX Info: Redefining \smash on input line 939.
LaTeX Info: Redefining \relbar on input line 969.
LaTeX Info: Redefining \Relbar on input line 970.
\c@MaxMatrixCols=\count276
\dotsspace@=\muskip17
\c@parentequation=\count277
\dspbrk@lvl=\count278
\tag@help=\toks20
\row@=\count279
\column@=\count280
\maxfields@=\count281
\andhelp@=\toks21
\eqnshift@=\dimen145
\alignsep@=\dimen146
\tagshift@=\dimen147
\tagwidth@=\dimen148
\totwidth@=\dimen149
\lineht@=\dimen150
\@envbody=\toks22
\multlinegap=\skip52
\multlinetaggap=\skip53
\mathdisplay@stack=\toks23
LaTeX Info: Redefining \[ on input line 2953.
LaTeX Info: Redefining \] on input line 2954.
) (/usr/local/texlive/2025/texmf-dist/tex/latex/amsfonts/amssymb.sty
Package: amssymb 2013/01/14 v3.01 AMS font symbols
 (/usr/local/texlive/2025/texmf-dist/tex/latex/amsfonts/amsfonts.sty
Package: amsfonts 2013/01/14 v3.01 Basic AMSFonts support
\symAMSa=\mathgroup4
\symAMSb=\mathgroup5
LaTeX Font Info:    Redeclaring math symbol \hbar on input line 98.
LaTeX Font Info:    Overwriting math alphabet `\mathfrak' in version `bold'
(Font)                  U/euf/m/n --> U/euf/b/n on input line 106.
)) (/usr/local/texlive/2025/texmf-dist/tex/latex/graphics/graphicx.sty
Package: graphicx 2021/09/16 v1.2d Enhanced LaTeX Graphics (DPC,SPQR)
 (/usr/local/texlive/2025/texmf-dist/tex/latex/graphics/keyval.sty
Package: keyval 2022/05/29 v1.15 key=value parser (DPC)
\KV@toks@=\toks24
) (/usr/local/texlive/2025/texmf-dist/tex/latex/graphics/graphics.sty
Package: graphics 2024/08/06 v1.4g Standard LaTeX Graphics (DPC,SPQR)
 (/usr/local/texlive/2025/texmf-dist/tex/latex/graphics/trig.sty
Package: trig 2023/12/02 v1.11 sin cos tan (DPC)
) (/usr/local/texlive/2025/texmf-dist/tex/latex/graphics-cfg/graphics.cfg
File: graphics.cfg 2016/06/04 v1.11 sample graphics configuration
)
Package graphics Info: Driver file: pdftex.def on input line 106.
 (/usr/local/texlive/2025/texmf-dist/tex/latex/graphics-def/pdftex.def
File: pdftex.def 2024/04/13 v1.2c Graphics/color driver for pdftex
))
\Gin@req@height=\dimen151
\Gin@req@width=\dimen152
) (/usr/local/texlive/2025/texmf-dist/tex/latex/hyperref/hyperref.sty
Package: hyperref 2024-11-05 v7.01l Hypertext links for LaTeX
 (/usr/local/texlive/2025/texmf-dist/tex/generic/iftex/iftex.sty
Package: iftex 2024/12/12 v1.0g TeX engine tests
) (/usr/local/texlive/2025/texmf-dist/tex/latex/kvsetkeys/kvsetkeys.sty
Package: kvsetkeys 2022-10-05 v1.19 Key value parser (HO)
) (/usr/local/texlive/2025/texmf-dist/tex/generic/kvdefinekeys/kvdefinekeys.sty
Package: kvdefinekeys 2019-12-19 v1.6 Define keys (HO)
) (/usr/local/texlive/2025/texmf-dist/tex/generic/pdfescape/pdfescape.sty
Package: pdfescape 2019/12/09 v1.15 Implements pdfTeX's escape features (HO)
 (/usr/local/texlive/2025/texmf-dist/tex/generic/ltxcmds/ltxcmds.sty
Package: ltxcmds 2023-12-04 v1.26 LaTeX kernel commands for general use (HO)
) (/usr/local/texlive/2025/texmf-dist/tex/generic/pdftexcmds/pdftexcmds.sty
Package: pdftexcmds 2020-06-27 v0.33 Utility functions of pdfTeX for LuaTeX (HO)
 (/usr/local/texlive/2025/texmf-dist/tex/generic/infwarerr/infwarerr.sty
Package: infwarerr 2019/12/03 v1.5 Providing info/warning/error messages (HO)
)
Package pdftexcmds Info: \pdf@primitive is available.
Package pdftexcmds Info: \pdf@ifprimitive is available.
Package pdftexcmds Info: \pdfdraftmode found.
)) (/usr/local/texlive/2025/texmf-dist/tex/latex/hycolor/hycolor.sty
Package: hycolor 2020-01-27 v1.10 Color options for hyperref/bookmark (HO)
) (/usr/local/texlive/2025/texmf-dist/tex/latex/hyperref/nameref.sty
Package: nameref 2023-11-26 v2.56 Cross-referencing by name of section
 (/usr/local/texlive/2025/texmf-dist/tex/latex/refcount/refcount.sty
Package: refcount 2019/12/15 v3.6 Data extraction from label references (HO)
) (/usr/local/texlive/2025/texmf-dist/tex/generic/gettitlestring/gettitlestring.sty
Package: gettitlestring 2019/12/15 v1.6 Cleanup title references (HO)
 (/usr/local/texlive/2025/texmf-dist/tex/latex/kvoptions/kvoptions.sty
Package: kvoptions 2022-06-15 v3.15 Key value format for package options (HO)
))
\c@section@level=\count282
) (/usr/local/texlive/2025/texmf-dist/tex/latex/etoolbox/etoolbox.sty
Package: etoolbox 2025/02/11 v2.5l e-TeX tools for LaTeX (JAW)
\etb@tempcnta=\count283
) (/usr/local/texlive/2025/texmf-dist/tex/generic/stringenc/stringenc.sty
Package: stringenc 2019/11/29 v1.12 Convert strings between diff. encodings (HO)
)
\@linkdim=\dimen153
\Hy@linkcounter=\count284
\Hy@pagecounter=\count285
 (/usr/local/texlive/2025/texmf-dist/tex/latex/hyperref/pd1enc.def
File: pd1enc.def 2024-11-05 v7.01l Hyperref: PDFDocEncoding definition (HO)
Now handling font encoding PD1 ...
... no UTF-8 mapping file for font encoding PD1
) (/usr/local/texlive/2025/texmf-dist/tex/generic/intcalc/intcalc.sty
Package: intcalc 2019/12/15 v1.3 Expandable calculations with integers (HO)
)
\Hy@SavedSpaceFactor=\count286
 (/usr/local/texlive/2025/texmf-dist/tex/latex/hyperref/puenc.def
File: puenc.def 2024-11-05 v7.01l Hyperref: PDF Unicode definition (HO)
Now handling font encoding PU ...
... no UTF-8 mapping file for font encoding PU
)
Package hyperref Info: Hyper figures OFF on input line 4157.
Package hyperref Info: Link nesting OFF on input line 4162.
Package hyperref Info: Hyper index ON on input line 4165.
Package hyperref Info: Plain pages OFF on input line 4172.
Package hyperref Info: Backreferencing OFF on input line 4177.
Package hyperref Info: Implicit mode ON; LaTeX internals redefined.
Package hyperref Info: Bookmarks ON on input line 4424.
\c@Hy@tempcnt=\count287
 (/usr/local/texlive/2025/texmf-dist/tex/latex/url/url.sty
\Urlmuskip=\muskip18
Package: url 2013/09/16  ver 3.4  Verb mode for urls, etc.
)
LaTeX Info: Redefining \url on input line 4763.
\XeTeXLinkMargin=\dimen154
 (/usr/local/texlive/2025/texmf-dist/tex/generic/bitset/bitset.sty
Package: bitset 2019/12/09 v1.3 Handle bit-vector datatype (HO)
 (/usr/local/texlive/2025/texmf-dist/tex/generic/bigintcalc/bigintcalc.sty
Package: bigintcalc 2019/12/15 v1.5 Expandable calculations on big integers (HO)
))
\Fld@menulength=\count288
\Field@Width=\dimen155
\Fld@charsize=\dimen156
Package hyperref Info: Hyper figures OFF on input line 6042.
Package hyperref Info: Link nesting OFF on input line 6047.
Package hyperref Info: Hyper index ON on input line 6050.
Package hyperref Info: backreferencing OFF on input line 6057.
Package hyperref Info: Link coloring OFF on input line 6062.
Package hyperref Info: Link coloring with OCG OFF on input line 6067.
Package hyperref Info: PDF/A mode OFF on input line 6072.
 (/usr/local/texlive/2025/texmf-dist/tex/latex/base/atbegshi-ltx.sty
Package: atbegshi-ltx 2021/01/10 v1.0c Emulation of the original atbegshi
package with kernel methods
)
\Hy@abspage=\count289
\c@Item=\count290
\c@Hfootnote=\count291
)
Package hyperref Info: Driver (autodetected): hpdftex.
 (/usr/local/texlive/2025/texmf-dist/tex/latex/hyperref/hpdftex.def
File: hpdftex.def 2024-11-05 v7.01l Hyperref driver for pdfTeX
 (/usr/local/texlive/2025/texmf-dist/tex/latex/base/atveryend-ltx.sty
Package: atveryend-ltx 2020/08/19 v1.0a Emulation of the original atveryend package
with kernel methods
)
\Fld@listcount=\count292
\c@bookmark@seq@number=\count293
 (/usr/local/texlive/2025/texmf-dist/tex/latex/rerunfilecheck/rerunfilecheck.sty
Package: rerunfilecheck 2022-07-10 v1.10 Rerun checks for auxiliary files (HO)
 (/usr/local/texlive/2025/texmf-dist/tex/generic/uniquecounter/uniquecounter.sty
Package: uniquecounter 2019/12/15 v1.4 Provide unlimited unique counter (HO)
)
Package uniquecounter Info: New unique counter `rerunfilecheck' on input line 285.
)
\Hy@SectionHShift=\skip54
) (/usr/local/texlive/2025/texmf-dist/tex/latex/algorithm2e/algorithm2e.sty
Package: algorithm2e 2017/07/18 v5.2 algorithms environments
\c@AlgoLine=\count294
 (/usr/local/texlive/2025/texmf-dist/tex/latex/base/ifthen.sty
Package: ifthen 2024/03/16 v1.1e Standard LaTeX ifthen package (DPC)
)
\algocf@hangindent=\skip55
 (/usr/local/texlive/2025/texmf-dist/tex/latex/ifoddpage/ifoddpage.sty
Package: ifoddpage 2022/10/18 v1.2 Conditionals for odd/even page detection
\c@checkoddpage=\count295
) (/usr/local/texlive/2025/texmf-dist/tex/latex/tools/xspace.sty
Package: xspace 2014/10/28 v1.13 Space after command names (DPC,MH)
) (/usr/local/texlive/2025/texmf-dist/tex/latex/relsize/relsize.sty
Package: relsize 2013/03/29 ver 4.1
)
\skiptotal=\skip56
\skiplinenumber=\skip57
\skiprule=\skip58
\skiphlne=\skip59
\skiptext=\skip60
\skiplength=\skip61
\algomargin=\skip62
\skipalgocfslide=\skip63
\algowidth=\dimen157
\inoutsize=\dimen158
\inoutindent=\dimen159
\interspacetitleruled=\dimen160
\interspacealgoruled=\dimen161
\interspacetitleboxruled=\dimen162
\algocf@ruledwidth=\skip64
\algocf@inoutbox=\box54
\algocf@inputbox=\box55
\AlCapSkip=\skip65
\AlCapHSkip=\skip66
\algoskipindent=\skip67
\algocf@nlbox=\box56
\algocf@hangingbox=\box57
\algocf@untilbox=\box58
\algocf@skipuntil=\skip68
\algocf@capbox=\box59
\algocf@lcaptionbox=\skip69
\algoheightruledefault=\skip70
\algoheightrule=\skip71
\algotitleheightruledefault=\skip72
\algotitleheightrule=\skip73
\c@algocfline=\count296
\c@algocfproc=\count297
\c@algocf=\count298
\algocf@algoframe=\box60
\algocf@algobox=\box61
) (/usr/local/texlive/2025/texmf-dist/tex/latex/algorithmicx/algpseudocode.sty
Package: algpseudocode 
 (/usr/local/texlive/2025/texmf-dist/tex/latex/algorithmicx/algorithmicx.sty
Package: algorithmicx 2005/04/27 v1.2 Algorithmicx

Document Style algorithmicx 1.2 - a greatly improved `algorithmic' style
\c@ALG@line=\count299
\c@ALG@rem=\count300
\c@ALG@nested=\count301
\ALG@tlm=\skip74
\ALG@thistlm=\skip75
\c@ALG@Lnr=\count302
\c@ALG@blocknr=\count303
\c@ALG@storecount=\count304
\c@ALG@tmpcounter=\count305
\ALG@tmplength=\skip76
)
Document Style - pseudocode environments for use with the `algorithmicx' style
) (/usr/local/texlive/2025/texmf-dist/tex/latex/float/float.sty
Package: float 2001/11/08 v1.3d Float enhancements (AL)
\c@float@type=\count306
\float@exts=\toks25
\float@box=\box62
\@float@everytoks=\toks26
\@floatcapt=\box63
) (/usr/local/texlive/2025/texmf-dist/tex/latex/xcolor/xcolor.sty
Package: xcolor 2024/09/29 v3.02 LaTeX color extensions (UK)
 (/usr/local/texlive/2025/texmf-dist/tex/latex/graphics-cfg/color.cfg
File: color.cfg 2016/01/02 v1.6 sample color configuration
)
Package xcolor Info: Driver file: pdftex.def on input line 274.
 (/usr/local/texlive/2025/texmf-dist/tex/latex/graphics/mathcolor.ltx)
Package xcolor Info: Model `cmy' substituted by `cmy0' on input line 1349.
Package xcolor Info: Model `hsb' substituted by `rgb' on input line 1353.
Package xcolor Info: Model `RGB' extended on input line 1365.
Package xcolor Info: Model `HTML' substituted by `rgb' on input line 1367.
Package xcolor Info: Model `Hsb' substituted by `hsb' on input line 1368.
Package xcolor Info: Model `tHsb' substituted by `hsb' on input line 1369.
Package xcolor Info: Model `HSB' substituted by `hsb' on input line 1370.
Package xcolor Info: Model `Gray' substituted by `gray' on input line 1371.
Package xcolor Info: Model `wave' substituted by `hsb' on input line 1372.
) (/usr/local/texlive/2025/texmf-dist/tex/latex/setspace/setspace.sty
Package: setspace 2022/12/04 v6.7b set line spacing
) (/usr/local/texlive/2025/texmf-dist/tex/latex/booktabs/booktabs.sty
Package: booktabs 2020/01/12 v1.61803398 Publication quality tables
\heavyrulewidth=\dimen163
\lightrulewidth=\dimen164
\cmidrulewidth=\dimen165
\belowrulesep=\dimen166
\belowbottomsep=\dimen167
\aboverulesep=\dimen168
\abovetopsep=\dimen169
\cmidrulesep=\dimen170
\cmidrulekern=\dimen171
\defaultaddspace=\dimen172
\@cmidla=\count307
\@cmidlb=\count308
\@aboverulesep=\dimen173
\@belowrulesep=\dimen174
\@thisruleclass=\count309
\@lastruleclass=\count310
\@thisrulewidth=\dimen175
) (/usr/local/texlive/2025/texmf-dist/tex/latex/pgfplots/pgfplots.sty (/usr/local/texlive/2025/texmf-dist/tex/generic/pgfplots/pgfplots.revision.tex)
Package: pgfplots 2021/05/15 v1.18.1 Data Visualization (1.18.1)
 (/usr/local/texlive/2025/texmf-dist/tex/latex/pgf/frontendlayer/tikz.sty (/usr/local/texlive/2025/texmf-dist/tex/latex/pgf/basiclayer/pgf.sty (/usr/local/texlive/2025/texmf-dist/tex/latex/pgf/utilities/pgfrcs.sty (/usr/local/texlive/2025/texmf-dist/tex/generic/pgf/utilities/pgfutil-common.tex
\pgfutil@everybye=\toks27
\pgfutil@tempdima=\dimen176
\pgfutil@tempdimb=\dimen177
) (/usr/local/texlive/2025/texmf-dist/tex/generic/pgf/utilities/pgfutil-latex.def
\pgfutil@abb=\box64
) (/usr/local/texlive/2025/texmf-dist/tex/generic/pgf/utilities/pgfrcs.code.tex (/usr/local/texlive/2025/texmf-dist/tex/generic/pgf/pgf.revision.tex)
Package: pgfrcs 2023-01-15 v3.1.10 (3.1.10)
))
Package: pgf 2023-01-15 v3.1.10 (3.1.10)
 (/usr/local/texlive/2025/texmf-dist/tex/latex/pgf/basiclayer/pgfcore.sty (/usr/local/texlive/2025/texmf-dist/tex/latex/pgf/systemlayer/pgfsys.sty (/usr/local/texlive/2025/texmf-dist/tex/generic/pgf/systemlayer/pgfsys.code.tex
Package: pgfsys 2023-01-15 v3.1.10 (3.1.10)
 (/usr/local/texlive/2025/texmf-dist/tex/generic/pgf/utilities/pgfkeys.code.tex
\pgfkeys@pathtoks=\toks28
\pgfkeys@temptoks=\toks29
 (/usr/local/texlive/2025/texmf-dist/tex/generic/pgf/utilities/pgfkeyslibraryfiltered.code.tex
\pgfkeys@tmptoks=\toks30
))
\pgf@x=\dimen178
\pgf@y=\dimen179
\pgf@xa=\dimen180
\pgf@ya=\dimen181
\pgf@xb=\dimen182
\pgf@yb=\dimen183
\pgf@xc=\dimen184
\pgf@yc=\dimen185
\pgf@xd=\dimen186
\pgf@yd=\dimen187
\w@pgf@writea=\write3
\r@pgf@reada=\read2
\c@pgf@counta=\count311
\c@pgf@countb=\count312
\c@pgf@countc=\count313
\c@pgf@countd=\count314
\t@pgf@toka=\toks31
\t@pgf@tokb=\toks32
\t@pgf@tokc=\toks33
\pgf@sys@id@count=\count315
 (/usr/local/texlive/2025/texmf-dist/tex/generic/pgf/systemlayer/pgf.cfg
File: pgf.cfg 2023-01-15 v3.1.10 (3.1.10)
)
Driver file for pgf: pgfsys-pdftex.def
 (/usr/local/texlive/2025/texmf-dist/tex/generic/pgf/systemlayer/pgfsys-pdftex.def
File: pgfsys-pdftex.def 2023-01-15 v3.1.10 (3.1.10)
 (/usr/local/texlive/2025/texmf-dist/tex/generic/pgf/systemlayer/pgfsys-common-pdf.def
File: pgfsys-common-pdf.def 2023-01-15 v3.1.10 (3.1.10)
))) (/usr/local/texlive/2025/texmf-dist/tex/generic/pgf/systemlayer/pgfsyssoftpath.code.tex
File: pgfsyssoftpath.code.tex 2023-01-15 v3.1.10 (3.1.10)
\pgfsyssoftpath@smallbuffer@items=\count316
\pgfsyssoftpath@bigbuffer@items=\count317
) (/usr/local/texlive/2025/texmf-dist/tex/generic/pgf/systemlayer/pgfsysprotocol.code.tex
File: pgfsysprotocol.code.tex 2023-01-15 v3.1.10 (3.1.10)
)) (/usr/local/texlive/2025/texmf-dist/tex/generic/pgf/basiclayer/pgfcore.code.tex
Package: pgfcore 2023-01-15 v3.1.10 (3.1.10)
 (/usr/local/texlive/2025/texmf-dist/tex/generic/pgf/math/pgfmath.code.tex (/usr/local/texlive/2025/texmf-dist/tex/generic/pgf/math/pgfmathutil.code.tex) (/usr/local/texlive/2025/texmf-dist/tex/generic/pgf/math/pgfmathparser.code.tex
\pgfmath@dimen=\dimen188
\pgfmath@count=\count318
\pgfmath@box=\box65
\pgfmath@toks=\toks34
\pgfmath@stack@operand=\toks35
\pgfmath@stack@operation=\toks36
) (/usr/local/texlive/2025/texmf-dist/tex/generic/pgf/math/pgfmathfunctions.code.tex) (/usr/local/texlive/2025/texmf-dist/tex/generic/pgf/math/pgfmathfunctions.basic.code.tex) (/usr/local/texlive/2025/texmf-dist/tex/generic/pgf/math/pgfmathfunctions.trigonometric.code.tex) (/usr/local/texlive/2025/texmf-dist/tex/generic/pgf/math/pgfmathfunctions.random.code.tex) (/usr/local/texlive/2025/texmf-dist/tex/generic/pgf/math/pgfmathfunctions.comparison.code.tex) (/usr/local/texlive/2025/texmf-dist/tex/generic/pgf/math/pgfmathfunctions.base.code.tex) (/usr/local/texlive/2025/texmf-dist/tex/generic/pgf/math/pgfmathfunctions.round.code.tex) (/usr/local/texlive/2025/texmf-dist/tex/generic/pgf/math/pgfmathfunctions.misc.code.tex) (/usr/local/texlive/2025/texmf-dist/tex/generic/pgf/math/pgfmathfunctions.integerarithmetics.code.tex) (/usr/local/texlive/2025/texmf-dist/tex/generic/pgf/math/pgfmathcalc.code.tex) (/usr/local/texlive/2025/texmf-dist/tex/generic/pgf/math/pgfmathfloat.code.tex
\c@pgfmathroundto@lastzeros=\count319
)) (/usr/local/texlive/2025/texmf-dist/tex/generic/pgf/math/pgfint.code.tex) (/usr/local/texlive/2025/texmf-dist/tex/generic/pgf/basiclayer/pgfcorepoints.code.tex
File: pgfcorepoints.code.tex 2023-01-15 v3.1.10 (3.1.10)
\pgf@picminx=\dimen189
\pgf@picmaxx=\dimen190
\pgf@picminy=\dimen191
\pgf@picmaxy=\dimen192
\pgf@pathminx=\dimen193
\pgf@pathmaxx=\dimen194
\pgf@pathminy=\dimen195
\pgf@pathmaxy=\dimen196
\pgf@xx=\dimen197
\pgf@xy=\dimen198
\pgf@yx=\dimen199
\pgf@yy=\dimen256
\pgf@zx=\dimen257
\pgf@zy=\dimen258
) (/usr/local/texlive/2025/texmf-dist/tex/generic/pgf/basiclayer/pgfcorepathconstruct.code.tex
File: pgfcorepathconstruct.code.tex 2023-01-15 v3.1.10 (3.1.10)
\pgf@path@lastx=\dimen259
\pgf@path@lasty=\dimen260
) (/usr/local/texlive/2025/texmf-dist/tex/generic/pgf/basiclayer/pgfcorepathusage.code.tex
File: pgfcorepathusage.code.tex 2023-01-15 v3.1.10 (3.1.10)
\pgf@shorten@end@additional=\dimen261
\pgf@shorten@start@additional=\dimen262
) (/usr/local/texlive/2025/texmf-dist/tex/generic/pgf/basiclayer/pgfcorescopes.code.tex
File: pgfcorescopes.code.tex 2023-01-15 v3.1.10 (3.1.10)
\pgfpic=\box66
\pgf@hbox=\box67
\pgf@layerbox@main=\box68
\pgf@picture@serial@count=\count320
) (/usr/local/texlive/2025/texmf-dist/tex/generic/pgf/basiclayer/pgfcoregraphicstate.code.tex
File: pgfcoregraphicstate.code.tex 2023-01-15 v3.1.10 (3.1.10)
\pgflinewidth=\dimen263
) (/usr/local/texlive/2025/texmf-dist/tex/generic/pgf/basiclayer/pgfcoretransformations.code.tex
File: pgfcoretransformations.code.tex 2023-01-15 v3.1.10 (3.1.10)
\pgf@pt@x=\dimen264
\pgf@pt@y=\dimen265
\pgf@pt@temp=\dimen266
) (/usr/local/texlive/2025/texmf-dist/tex/generic/pgf/basiclayer/pgfcorequick.code.tex
File: pgfcorequick.code.tex 2023-01-15 v3.1.10 (3.1.10)
) (/usr/local/texlive/2025/texmf-dist/tex/generic/pgf/basiclayer/pgfcoreobjects.code.tex
File: pgfcoreobjects.code.tex 2023-01-15 v3.1.10 (3.1.10)
) (/usr/local/texlive/2025/texmf-dist/tex/generic/pgf/basiclayer/pgfcorepathprocessing.code.tex
File: pgfcorepathprocessing.code.tex 2023-01-15 v3.1.10 (3.1.10)
) (/usr/local/texlive/2025/texmf-dist/tex/generic/pgf/basiclayer/pgfcorearrows.code.tex
File: pgfcorearrows.code.tex 2023-01-15 v3.1.10 (3.1.10)
\pgfarrowsep=\dimen267
) (/usr/local/texlive/2025/texmf-dist/tex/generic/pgf/basiclayer/pgfcoreshade.code.tex
File: pgfcoreshade.code.tex 2023-01-15 v3.1.10 (3.1.10)
\pgf@max=\dimen268
\pgf@sys@shading@range@num=\count321
\pgf@shadingcount=\count322
) (/usr/local/texlive/2025/texmf-dist/tex/generic/pgf/basiclayer/pgfcoreimage.code.tex
File: pgfcoreimage.code.tex 2023-01-15 v3.1.10 (3.1.10)
) (/usr/local/texlive/2025/texmf-dist/tex/generic/pgf/basiclayer/pgfcoreexternal.code.tex
File: pgfcoreexternal.code.tex 2023-01-15 v3.1.10 (3.1.10)
\pgfexternal@startupbox=\box69
) (/usr/local/texlive/2025/texmf-dist/tex/generic/pgf/basiclayer/pgfcorelayers.code.tex
File: pgfcorelayers.code.tex 2023-01-15 v3.1.10 (3.1.10)
) (/usr/local/texlive/2025/texmf-dist/tex/generic/pgf/basiclayer/pgfcoretransparency.code.tex
File: pgfcoretransparency.code.tex 2023-01-15 v3.1.10 (3.1.10)
) (/usr/local/texlive/2025/texmf-dist/tex/generic/pgf/basiclayer/pgfcorepatterns.code.tex
File: pgfcorepatterns.code.tex 2023-01-15 v3.1.10 (3.1.10)
) (/usr/local/texlive/2025/texmf-dist/tex/generic/pgf/basiclayer/pgfcorerdf.code.tex
File: pgfcorerdf.code.tex 2023-01-15 v3.1.10 (3.1.10)
))) (/usr/local/texlive/2025/texmf-dist/tex/generic/pgf/modules/pgfmoduleshapes.code.tex
File: pgfmoduleshapes.code.tex 2023-01-15 v3.1.10 (3.1.10)
\pgfnodeparttextbox=\box70
) (/usr/local/texlive/2025/texmf-dist/tex/generic/pgf/modules/pgfmoduleplot.code.tex
File: pgfmoduleplot.code.tex 2023-01-15 v3.1.10 (3.1.10)
) (/usr/local/texlive/2025/texmf-dist/tex/latex/pgf/compatibility/pgfcomp-version-0-65.sty
Package: pgfcomp-version-0-65 2023-01-15 v3.1.10 (3.1.10)
\pgf@nodesepstart=\dimen269
\pgf@nodesepend=\dimen270
) (/usr/local/texlive/2025/texmf-dist/tex/latex/pgf/compatibility/pgfcomp-version-1-18.sty
Package: pgfcomp-version-1-18 2023-01-15 v3.1.10 (3.1.10)
)) (/usr/local/texlive/2025/texmf-dist/tex/latex/pgf/utilities/pgffor.sty (/usr/local/texlive/2025/texmf-dist/tex/latex/pgf/utilities/pgfkeys.sty (/usr/local/texlive/2025/texmf-dist/tex/generic/pgf/utilities/pgfkeys.code.tex)) (/usr/local/texlive/2025/texmf-dist/tex/latex/pgf/math/pgfmath.sty (/usr/local/texlive/2025/texmf-dist/tex/generic/pgf/math/pgfmath.code.tex)) (/usr/local/texlive/2025/texmf-dist/tex/generic/pgf/utilities/pgffor.code.tex
Package: pgffor 2023-01-15 v3.1.10 (3.1.10)
\pgffor@iter=\dimen271
\pgffor@skip=\dimen272
\pgffor@stack=\toks37
\pgffor@toks=\toks38
)) (/usr/local/texlive/2025/texmf-dist/tex/generic/pgf/frontendlayer/tikz/tikz.code.tex
Package: tikz 2023-01-15 v3.1.10 (3.1.10)
 (/usr/local/texlive/2025/texmf-dist/tex/generic/pgf/libraries/pgflibraryplothandlers.code.tex
File: pgflibraryplothandlers.code.tex 2023-01-15 v3.1.10 (3.1.10)
\pgf@plot@mark@count=\count323
\pgfplotmarksize=\dimen273
)
\tikz@lastx=\dimen274
\tikz@lasty=\dimen275
\tikz@lastxsaved=\dimen276
\tikz@lastysaved=\dimen277
\tikz@lastmovetox=\dimen278
\tikz@lastmovetoy=\dimen279
\tikzleveldistance=\dimen280
\tikzsiblingdistance=\dimen281
\tikz@figbox=\box71
\tikz@figbox@bg=\box72
\tikz@tempbox=\box73
\tikz@tempbox@bg=\box74
\tikztreelevel=\count324
\tikznumberofchildren=\count325
\tikznumberofcurrentchild=\count326
\tikz@fig@count=\count327
 (/usr/local/texlive/2025/texmf-dist/tex/generic/pgf/modules/pgfmodulematrix.code.tex
File: pgfmodulematrix.code.tex 2023-01-15 v3.1.10 (3.1.10)
\pgfmatrixcurrentrow=\count328
\pgfmatrixcurrentcolumn=\count329
\pgf@matrix@numberofcolumns=\count330
)
\tikz@expandcount=\count331
 (/usr/local/texlive/2025/texmf-dist/tex/generic/pgf/frontendlayer/tikz/libraries/tikzlibrarytopaths.code.tex
File: tikzlibrarytopaths.code.tex 2023-01-15 v3.1.10 (3.1.10)
))) (/usr/local/texlive/2025/texmf-dist/tex/generic/pgfplots/pgfplots.code.tex (/usr/local/texlive/2025/texmf-dist/tex/generic/pgfplots/pgfplotscore.code.tex
\t@pgfplots@toka=\toks39
\t@pgfplots@tokb=\toks40
\t@pgfplots@tokc=\toks41
\pgfplots@tmpa=\dimen282
\c@pgfplots@coordindex=\count332
\c@pgfplots@scanlineindex=\count333
 (/usr/local/texlive/2025/texmf-dist/tex/generic/pgfplots/sys/pgfplotssysgeneric.code.tex)) (/usr/local/texlive/2025/texmf-dist/tex/generic/pgfplots/libs/pgfplotslibrary.code.tex) (/usr/local/texlive/2025/texmf-dist/tex/generic/pgfplots/oldpgfcompatib/pgfplotsoldpgfsupp_loader.code.tex (/usr/local/texlive/2025/texmf-dist/tex/generic/pgf/libraries/pgflibraryfpu.code.tex)
Package pgfplots: loading complementary utilities for your pgf version...
\t@pgf@toka=\toks42
\t@pgf@tokb=\toks43
\t@pgf@tokc=\toks44
(/usr/local/texlive/2025/texmf-dist/tex/generic/pgfplots/oldpgfcompatib/pgfplotsoldpgfsupp_pgfutil-common-lists.tex)) (/usr/local/texlive/2025/texmf-dist/tex/generic/pgfplots/util/pgfplotsutil.code.tex (/usr/local/texlive/2025/texmf-dist/tex/generic/pgfplots/liststructure/pgfplotsliststructure.code.tex) (/usr/local/texlive/2025/texmf-dist/tex/generic/pgfplots/liststructure/pgfplotsliststructureext.code.tex) (/usr/local/texlive/2025/texmf-dist/tex/generic/pgfplots/liststructure/pgfplotsarray.code.tex
\c@pgfplotsarray@tmp=\count334
) (/usr/local/texlive/2025/texmf-dist/tex/generic/pgfplots/liststructure/pgfplotsmatrix.code.tex) (/usr/local/texlive/2025/texmf-dist/tex/generic/pgfplots/numtable/pgfplotstableshared.code.tex
\c@pgfplotstable@counta=\count335
\t@pgfplotstable@a=\toks45
) (/usr/local/texlive/2025/texmf-dist/tex/generic/pgfplots/liststructure/pgfplotsdeque.code.tex) (/usr/local/texlive/2025/texmf-dist/tex/generic/pgfplots/util/pgfplotsbinary.code.tex (/usr/local/texlive/2025/texmf-dist/tex/generic/pgfplots/util/pgfplotsbinary.data.code.tex)) (/usr/local/texlive/2025/texmf-dist/tex/generic/pgfplots/util/pgfplotsutil.verb.code.tex) (/usr/local/texlive/2025/texmf-dist/tex/generic/pgfplots/libs/pgflibrarypgfplots.surfshading.code.tex
\c@pgfplotslibrarysurf@no=\count336
 (/usr/local/texlive/2025/texmf-dist/tex/generic/pgfplots/sys/pgflibrarypgfplots.surfshading.pgfsys-pdftex.def))) (/usr/local/texlive/2025/texmf-dist/tex/generic/pgfplots/util/pgfplotscolormap.code.tex (/usr/local/texlive/2025/texmf-dist/tex/generic/pgfplots/util/pgfplotscolor.code.tex)) (/usr/local/texlive/2025/texmf-dist/tex/generic/pgfplots/pgfplotsstackedplots.code.tex) (/usr/local/texlive/2025/texmf-dist/tex/generic/pgfplots/pgfplotsplothandlers.code.tex (/usr/local/texlive/2025/texmf-dist/tex/generic/pgfplots/pgfplotsmeshplothandler.code.tex (/usr/local/texlive/2025/texmf-dist/tex/generic/pgfplots/pgfplotsmeshplotimage.code.tex))) (/usr/local/texlive/2025/texmf-dist/tex/generic/pgfplots/pgfplots.scaling.code.tex) (/usr/local/texlive/2025/texmf-dist/tex/generic/pgfplots/pgfplotscoordprocessing.code.tex) (/usr/local/texlive/2025/texmf-dist/tex/generic/pgfplots/pgfplots.errorbars.code.tex) (/usr/local/texlive/2025/texmf-dist/tex/generic/pgfplots/pgfplots.markers.code.tex) (/usr/local/texlive/2025/texmf-dist/tex/generic/pgfplots/pgfplotsticks.code.tex) (/usr/local/texlive/2025/texmf-dist/tex/generic/pgfplots/pgfplots.paths.code.tex) (/usr/local/texlive/2025/texmf-dist/tex/generic/pgf/frontendlayer/tikz/libraries/tikzlibrarydecorations.code.tex (/usr/local/texlive/2025/texmf-dist/tex/generic/pgf/modules/pgfmoduledecorations.code.tex
\pgfdecoratedcompleteddistance=\dimen283
\pgfdecoratedremainingdistance=\dimen284
\pgfdecoratedinputsegmentcompleteddistance=\dimen285
\pgfdecoratedinputsegmentremainingdistance=\dimen286
\pgf@decorate@distancetomove=\dimen287
\pgf@decorate@repeatstate=\count337
\pgfdecorationsegmentamplitude=\dimen288
\pgfdecorationsegmentlength=\dimen289
)
\tikz@lib@dec@box=\box75
) (/usr/local/texlive/2025/texmf-dist/tex/generic/pgf/frontendlayer/tikz/libraries/tikzlibrarydecorations.pathmorphing.code.tex (/usr/local/texlive/2025/texmf-dist/tex/generic/pgf/libraries/decorations/pgflibrarydecorations.pathmorphing.code.tex)) (/usr/local/texlive/2025/texmf-dist/tex/generic/pgf/frontendlayer/tikz/libraries/tikzlibrarydecorations.pathreplacing.code.tex (/usr/local/texlive/2025/texmf-dist/tex/generic/pgf/libraries/decorations/pgflibrarydecorations.pathreplacing.code.tex)) (/usr/local/texlive/2025/texmf-dist/tex/generic/pgfplots/libs/tikzlibrarypgfplots.contourlua.code.tex)
\pgfplots@numplots=\count338
\pgfplots@xmin@reg=\dimen290
\pgfplots@xmax@reg=\dimen291
\pgfplots@ymin@reg=\dimen292
\pgfplots@ymax@reg=\dimen293
\pgfplots@zmin@reg=\dimen294
\pgfplots@zmax@reg=\dimen295
) (/usr/local/texlive/2025/texmf-dist/tex/generic/pgf/frontendlayer/tikz/libraries/tikzlibraryplotmarks.code.tex
File: tikzlibraryplotmarks.code.tex 2023-01-15 v3.1.10 (3.1.10)
 (/usr/local/texlive/2025/texmf-dist/tex/generic/pgf/libraries/pgflibraryplotmarks.code.tex
File: pgflibraryplotmarks.code.tex 2023-01-15 v3.1.10 (3.1.10)
))) (/usr/local/texlive/2025/texmf-dist/tex/generic/pgfplots/libs/tikzlibrarypgfplots.groupplots.code.tex
\pgfplots@group@current@plot=\count339
\pgfplots@group@current@row=\count340
\pgfplots@group@current@column=\count341
 (/usr/local/texlive/2025/texmf-dist/tex/generic/pgf/frontendlayer/tikz/libraries/tikzlibrarycalc.code.tex
File: tikzlibrarycalc.code.tex 2023-01-15 v3.1.10 (3.1.10)
)) (/usr/local/texlive/2025/texmf-dist/tex/generic/pgfplots/libs/tikzlibrarypgfplots.fillbetween.code.tex (/usr/local/texlive/2025/texmf-dist/tex/generic/pgfplots/pgfcontrib/tikzlibraryfillbetween.code.tex (/usr/local/texlive/2025/texmf-dist/tex/generic/pgf/frontendlayer/tikz/libraries/tikzlibraryintersections.code.tex (/usr/local/texlive/2025/texmf-dist/tex/generic/pgf/libraries/pgflibraryintersections.code.tex
\pgf@intersect@solutions=\count342
)) (/usr/local/texlive/2025/texmf-dist/tex/generic/pgfplots/pgfcontrib/tikzlibrarydecorations.softclip.code.tex (/usr/local/texlive/2025/texmf-dist/tex/generic/pgfplots/pgfcontrib/pgflibraryfillbetween.code.tex))) (/usr/local/texlive/2025/texmf-dist/tex/generic/pgfplots/libs/tikzlibrarypgfplots.decorations.softclip.code.tex)) (/usr/local/texlive/2025/texmf-dist/tex/generic/pgf/frontendlayer/tikz/libraries/tikzlibrarypatterns.code.tex
File: tikzlibrarypatterns.code.tex 2023-01-15 v3.1.10 (3.1.10)
 (/usr/local/texlive/2025/texmf-dist/tex/generic/pgf/libraries/pgflibrarypatterns.code.tex
File: pgflibrarypatterns.code.tex 2023-01-15 v3.1.10 (3.1.10)
)) (/usr/local/texlive/2025/texmf-dist/tex/latex/l3backend/l3backend-pdftex.def
File: l3backend-pdftex.def 2024-05-08 L3 backend support: PDF output (pdfTeX)
\l__color_backend_stack_int=\count343
\l__pdf_internal_box=\box76
) (build/collaboration.aux)
\openout1 = `collaboration.aux'.

LaTeX Font Info:    Checking defaults for OML/cmm/m/it on input line 48.
LaTeX Font Info:    ... okay on input line 48.
LaTeX Font Info:    Checking defaults for OMS/cmsy/m/n on input line 48.
LaTeX Font Info:    ... okay on input line 48.
LaTeX Font Info:    Checking defaults for OT1/cmr/m/n on input line 48.
LaTeX Font Info:    ... okay on input line 48.
LaTeX Font Info:    Checking defaults for T1/cmr/m/n on input line 48.
LaTeX Font Info:    ... okay on input line 48.
LaTeX Font Info:    Checking defaults for TS1/cmr/m/n on input line 48.
LaTeX Font Info:    ... okay on input line 48.
LaTeX Font Info:    Checking defaults for OMX/cmex/m/n on input line 48.
LaTeX Font Info:    ... okay on input line 48.
LaTeX Font Info:    Checking defaults for U/cmr/m/n on input line 48.
LaTeX Font Info:    ... okay on input line 48.
LaTeX Font Info:    Checking defaults for PD1/pdf/m/n on input line 48.
LaTeX Font Info:    ... okay on input line 48.
LaTeX Font Info:    Checking defaults for PU/pdf/m/n on input line 48.
LaTeX Font Info:    ... okay on input line 48.
 (/usr/local/texlive/2025/texmf-dist/tex/context/base/mkii/supp-pdf.mkii
[Loading MPS to PDF converter (version 2006.09.02).]
\scratchcounter=\count344
\scratchdimen=\dimen296
\scratchbox=\box77
\nofMPsegments=\count345
\nofMParguments=\count346
\everyMPshowfont=\toks46
\MPscratchCnt=\count347
\MPscratchDim=\dimen297
\MPnumerator=\count348
\makeMPintoPDFobject=\count349
\everyMPtoPDFconversion=\toks47
) (/usr/local/texlive/2025/texmf-dist/tex/latex/epstopdf-pkg/epstopdf-base.sty
Package: epstopdf-base 2020-01-24 v2.11 Base part for package epstopdf
Package epstopdf-base Info: Redefining graphics rule for `.eps' on input line 485.
 (/usr/local/texlive/2025/texmf-dist/tex/latex/latexconfig/epstopdf-sys.cfg
File: epstopdf-sys.cfg 2010/07/13 v1.3 Configuration of (r)epstopdf for TeX Live
))
Package hyperref Info: Link coloring OFF on input line 48.
 (build/collaboration.out) (build/collaboration.out)
\@outlinefile=\write4
\openout4 = `collaboration.out'.


Package pgfplots notification 'compat/show suggested version=true': document has been generated with the most recent feature set (\pgfplotsset{compat=1.18}).

LaTeX Font Info:    Trying to load font information for U+msa on input line 52.
(/usr/local/texlive/2025/texmf-dist/tex/latex/amsfonts/umsa.fd
File: umsa.fd 2013/01/14 v3.01 AMS symbols A
)
LaTeX Font Info:    Trying to load font information for U+msb on input line 52.
 (/usr/local/texlive/2025/texmf-dist/tex/latex/amsfonts/umsb.fd
File: umsb.fd 2013/01/14 v3.01 AMS symbols B
)
Overfull \hbox (10.56023pt too wide) in paragraph at lines 56--57
\T1/cmr/bx/n/10.95 Keywords: \T1/cmr/m/n/10.95 Con-glom-er-ate Merger, Com-pe-ti-tion, Growth Op-ti-miza-tion, Risk, Agent-
 []



[1

{/usr/local/texlive/2025/texmf-var/fonts/map/pdftex/updmap/pdftex.map}{/usr/local/texlive/2025/texmf-dist/fonts/enc/dvips/cm-super/cm-super-t1.enc}{/usr/local/texlive/2025/texmf-dist/fonts/enc/dvips/cm-super/cm-super-ts1.enc}]
Underfull \hbox (badness 10000) in paragraph at lines 62--63

 []


Underfull \hbox (badness 10000) in paragraph at lines 64--65

 []



[2]
Underfull \hbox (badness 10000) in paragraph at lines 66--67

 []


Underfull \hbox (badness 10000) in paragraph at lines 68--69

 []



[3]
Underfull \hbox (badness 10000) in paragraph at lines 70--71

 []



[4]
Underfull \hbox (badness 10000) in paragraph at lines 72--73

 []



[5]

[6]

[7]

[8
pdfTeX warning (ext4): destination with the same identifier (name{figure.1}) has been already used, duplicate ignored
<argument> ...shipout:D \box_use:N \l_shipout_box 
                                                  \__shipout_drop_firstpage_...
l.138 
      ]

[9]

[10]

[11]

[12]

[13]

[14]

[15]

[16]
Underfull \hbox (badness 10000) in paragraph at lines 210--212

 []



[17]

LaTeX Warning: `h' float specifier changed to `ht'.



[18
pdfTeX warning (ext4): destination with the same identifier (name{algocf.1}) has been already used, duplicate ignored
<argument> ...shipout:D \box_use:N \l_shipout_box 
                                                  \__shipout_drop_firstpage_...
l.263 
      ]

[19
pdfTeX warning (ext4): destination with the same identifier (name{table.1}) has been already used, duplicate ignored
<argument> ...shipout:D \box_use:N \l_shipout_box 
                                                  \__shipout_drop_firstpage_...
l.263 
      ] (./figures/metric_plots/metrics_figure.tex (./figures/metric_plots/metric_plot_0.tex
PGFPlots: reading {figures/plots/m0_cost0.csv}
PGFPlots: reading {figures/plots/m0_cost0.csv}
PGFPlots: reading {figures/plots/m0_cost0.csv}
PGFPlots: reading {figures/plots/m0_cost1.csv}
PGFPlots: reading {figures/plots/m0_cost1.csv}
PGFPlots: reading {figures/plots/m0_cost1.csv}
PGFPlots: reading {figures/plots/m0_cost2.csv}
PGFPlots: reading {figures/plots/m0_cost2.csv}
PGFPlots: reading {figures/plots/m0_cost2.csv}
PGFPlots: reading {figures/plots/m0_cost3.csv}
PGFPlots: reading {figures/plots/m0_cost3.csv}
PGFPlots: reading {figures/plots/m0_cost3.csv}
)
Package pgfplots info on input line 34: fill between: activating layered graphics
\pgf@layerbox@axis background=\box78
\pgf@layerboxsaved@axis background=\box79
\pgf@layerbox@axis grid=\box80
\pgf@layerboxsaved@axis grid=\box81
\pgf@layerbox@axis ticks=\box82
\pgf@layerboxsaved@axis ticks=\box83
\pgf@layerbox@axis lines=\box84
\pgf@layerboxsaved@axis lines=\box85
\pgf@layerbox@axis tick labels=\box86
\pgf@layerboxsaved@axis tick labels=\box87
\pgf@layerbox@pre main=\box88
\pgf@layerboxsaved@pre main=\box89
\pgf@layerbox@axis descriptions=\box90
\pgf@layerboxsaved@axis descriptions=\box91
\pgf@layerbox@axis foreground=\box92
\pgf@layerboxsaved@axis foreground=\box93
Package pgfplots info on input line 34: Setting layers 'axis background,axis grid,axis ticks,axis lines,axis tick labels,pre main,main,axis descriptions,axis foreground'...
 (./figures/metric_plots/metric_plot_1.tex
PGFPlots: reading {figures/plots/m1_cost0.csv}
PGFPlots: reading {figures/plots/m1_cost0.csv}
PGFPlots: reading {figures/plots/m1_cost0.csv}
PGFPlots: reading {figures/plots/m1_cost1.csv}
PGFPlots: reading {figures/plots/m1_cost1.csv}
PGFPlots: reading {figures/plots/m1_cost1.csv}
PGFPlots: reading {figures/plots/m1_cost2.csv}
PGFPlots: reading {figures/plots/m1_cost2.csv}
PGFPlots: reading {figures/plots/m1_cost2.csv}
PGFPlots: reading {figures/plots/m1_cost3.csv}
PGFPlots: reading {figures/plots/m1_cost3.csv}
PGFPlots: reading {figures/plots/m1_cost3.csv}
)
Package pgfplots info on input line 38: fill between: activating layered graphics
Package pgfplots info on input line 38: Setting layers 'axis background,axis grid,axis ticks,axis lines,axis tick labels,pre main,main,axis descriptions,axis foreground'...
 (./figures/metric_plots/metric_plot_2.tex
PGFPlots: reading {figures/plots/m2_cost0.csv}
PGFPlots: reading {figures/plots/m2_cost0.csv}
PGFPlots: reading {figures/plots/m2_cost0.csv}
PGFPlots: reading {figures/plots/m2_cost1.csv}
PGFPlots: reading {figures/plots/m2_cost1.csv}
PGFPlots: reading {figures/plots/m2_cost1.csv}
PGFPlots: reading {figures/plots/m2_cost2.csv}
PGFPlots: reading {figures/plots/m2_cost2.csv}
PGFPlots: reading {figures/plots/m2_cost2.csv}
PGFPlots: reading {figures/plots/m2_cost3.csv}
PGFPlots: reading {figures/plots/m2_cost3.csv}
PGFPlots: reading {figures/plots/m2_cost3.csv}
)
Package pgfplots info on input line 42: fill between: activating layered graphics
Package pgfplots info on input line 42: Setting layers 'axis background,axis grid,axis ticks,axis lines,axis tick labels,pre main,main,axis descriptions,axis foreground'...
 (./figures/metric_plots/metric_plot_3.tex
PGFPlots: reading {figures/plots/m3_cost0.csv}
PGFPlots: reading {figures/plots/m3_cost0.csv}
PGFPlots: reading {figures/plots/m3_cost0.csv}
PGFPlots: reading {figures/plots/m3_cost1.csv}
PGFPlots: reading {figures/plots/m3_cost1.csv}
PGFPlots: reading {figures/plots/m3_cost1.csv}
PGFPlots: reading {figures/plots/m3_cost2.csv}
PGFPlots: reading {figures/plots/m3_cost2.csv}
PGFPlots: reading {figures/plots/m3_cost2.csv}
PGFPlots: reading {figures/plots/m3_cost3.csv}
PGFPlots: reading {figures/plots/m3_cost3.csv}
PGFPlots: reading {figures/plots/m3_cost3.csv}
)
Package pgfplots info on input line 45: fill between: activating layered graphics
Package pgfplots info on input line 45: Setting layers 'axis background,axis grid,axis ticks,axis lines,axis tick labels,pre main,main,axis descriptions,axis foreground'...
)

[20
pdfTeX warning (ext4): destination with the same identifier (name{table.2}) has been already used, duplicate ignored
<argument> ...shipout:D \box_use:N \l_shipout_box 
                                                  \__shipout_drop_firstpage_...
l.311 \end{gather}
                  ]

[21
pdfTeX warning (ext4): destination with the same identifier (name{figure.2}) has been already used, duplicate ignored
<argument> ...shipout:D \box_use:N \l_shipout_box 
                                                  \__shipout_drop_firstpage_...
l.311 \end{gather}
                  ] (./figures/poly_ests/poly_beta1_plot.tex
PGFPlots: reading {figures/plots/poly_beta1_cost0.csv}
PGFPlots: reading {figures/plots/poly_beta1_cost0.csv}
PGFPlots: reading {figures/plots/poly_beta1_cost0.csv}
PGFPlots: reading {figures/plots/poly_beta1_cost1.csv}
PGFPlots: reading {figures/plots/poly_beta1_cost1.csv}
PGFPlots: reading {figures/plots/poly_beta1_cost1.csv}
PGFPlots: reading {figures/plots/poly_beta1_cost2.csv}
PGFPlots: reading {figures/plots/poly_beta1_cost2.csv}
PGFPlots: reading {figures/plots/poly_beta1_cost2.csv}
PGFPlots: reading {figures/plots/poly_beta1_cost3.csv}
PGFPlots: reading {figures/plots/poly_beta1_cost3.csv}
PGFPlots: reading {figures/plots/poly_beta1_cost3.csv}
)
Package pgfplots info on input line 347: fill between: activating layered graphics
Package pgfplots info on input line 347: Setting layers 'axis background,axis grid,axis ticks,axis lines,axis tick labels,pre main,main,axis descriptions,axis foreground'...
 (./figures/poly_ests/poly_beta2_plot.tex
PGFPlots: reading {figures/plots/poly_beta2_cost0.csv}
PGFPlots: reading {figures/plots/poly_beta2_cost0.csv}
PGFPlots: reading {figures/plots/poly_beta2_cost0.csv}
PGFPlots: reading {figures/plots/poly_beta2_cost1.csv}
PGFPlots: reading {figures/plots/poly_beta2_cost1.csv}
PGFPlots: reading {figures/plots/poly_beta2_cost1.csv}
PGFPlots: reading {figures/plots/poly_beta2_cost2.csv}
PGFPlots: reading {figures/plots/poly_beta2_cost2.csv}
PGFPlots: reading {figures/plots/poly_beta2_cost2.csv}
PGFPlots: reading {figures/plots/poly_beta2_cost3.csv}
PGFPlots: reading {figures/plots/poly_beta2_cost3.csv}
PGFPlots: reading {figures/plots/poly_beta2_cost3.csv}
)
Package pgfplots info on input line 350: fill between: activating layered graphics
Package pgfplots info on input line 350: Setting layers 'axis background,axis grid,axis ticks,axis lines,axis tick labels,pre main,main,axis descriptions,axis foreground'...


[22]

[23
pdfTeX warning (ext4): destination with the same identifier (name{figure.3}) has been already used, duplicate ignored
<argument> ...shipout:D \box_use:N \l_shipout_box 
                                                  \__shipout_drop_firstpage_...
l.366 
      ] (./figures/share_plots/quantile_plot_1.tex
PGFPlots: reading {figures/plots/q1_cost0.csv}
PGFPlots: reading {figures/plots/q1_cost0.csv}
PGFPlots: reading {figures/plots/q1_cost0.csv}
PGFPlots: reading {figures/plots/q1_cost1.csv}
PGFPlots: reading {figures/plots/q1_cost1.csv}
PGFPlots: reading {figures/plots/q1_cost1.csv}
PGFPlots: reading {figures/plots/q1_cost2.csv}
PGFPlots: reading {figures/plots/q1_cost2.csv}
PGFPlots: reading {figures/plots/q1_cost2.csv}
PGFPlots: reading {figures/plots/q1_cost3.csv}
PGFPlots: reading {figures/plots/q1_cost3.csv}
PGFPlots: reading {figures/plots/q1_cost3.csv}
)
Package pgfplots info on input line 513: fill between: activating layered graphics
Package pgfplots info on input line 513: Setting layers 'axis background,axis grid,axis ticks,axis lines,axis tick labels,pre main,main,axis descriptions,axis foreground'...
 (./figures/share_plots/quantile_plot_2.tex
PGFPlots: reading {figures/plots/q2_cost0.csv}
PGFPlots: reading {figures/plots/q2_cost0.csv}
PGFPlots: reading {figures/plots/q2_cost0.csv}
PGFPlots: reading {figures/plots/q2_cost1.csv}
PGFPlots: reading {figures/plots/q2_cost1.csv}
PGFPlots: reading {figures/plots/q2_cost1.csv}
PGFPlots: reading {figures/plots/q2_cost2.csv}
PGFPlots: reading {figures/plots/q2_cost2.csv}
PGFPlots: reading {figures/plots/q2_cost2.csv}
PGFPlots: reading {figures/plots/q2_cost3.csv}
PGFPlots: reading {figures/plots/q2_cost3.csv}
PGFPlots: reading {figures/plots/q2_cost3.csv}
)
Package pgfplots info on input line 516: fill between: activating layered graphics
Package pgfplots info on input line 516: Setting layers 'axis background,axis grid,axis ticks,axis lines,axis tick labels,pre main,main,axis descriptions,axis foreground'...
 (./figures/share_plots/quantile_plot_3.tex
PGFPlots: reading {figures/plots/q3_cost0.csv}
PGFPlots: reading {figures/plots/q3_cost0.csv}
PGFPlots: reading {figures/plots/q3_cost0.csv}
PGFPlots: reading {figures/plots/q3_cost1.csv}
PGFPlots: reading {figures/plots/q3_cost1.csv}
PGFPlots: reading {figures/plots/q3_cost1.csv}
PGFPlots: reading {figures/plots/q3_cost2.csv}
PGFPlots: reading {figures/plots/q3_cost2.csv}
PGFPlots: reading {figures/plots/q3_cost2.csv}
PGFPlots: reading {figures/plots/q3_cost3.csv}
PGFPlots: reading {figures/plots/q3_cost3.csv}
PGFPlots: reading {figures/plots/q3_cost3.csv}
)
Package pgfplots info on input line 519: fill between: activating layered graphics
Package pgfplots info on input line 519: Setting layers 'axis background,axis grid,axis ticks,axis lines,axis tick labels,pre main,main,axis descriptions,axis foreground'...
 (./figures/share_plots/quantile_plot_4.tex
PGFPlots: reading {figures/plots/q4_cost0.csv}
PGFPlots: reading {figures/plots/q4_cost0.csv}
PGFPlots: reading {figures/plots/q4_cost0.csv}
PGFPlots: reading {figures/plots/q4_cost1.csv}
PGFPlots: reading {figures/plots/q4_cost1.csv}
PGFPlots: reading {figures/plots/q4_cost1.csv}
PGFPlots: reading {figures/plots/q4_cost2.csv}
PGFPlots: reading {figures/plots/q4_cost2.csv}
PGFPlots: reading {figures/plots/q4_cost2.csv}
PGFPlots: reading {figures/plots/q4_cost3.csv}
PGFPlots: reading {figures/plots/q4_cost3.csv}
PGFPlots: reading {figures/plots/q4_cost3.csv}
)
Package pgfplots info on input line 522: fill between: activating layered graphics
Package pgfplots info on input line 522: Setting layers 'axis background,axis grid,axis ticks,axis lines,axis tick labels,pre main,main,axis descriptions,axis foreground'...


[24
pdfTeX warning (ext4): destination with the same identifier (name{figure.4}) has been already used, duplicate ignored
<argument> ...shipout:D \box_use:N \l_shipout_box 
                                                  \__shipout_drop_firstpage_...
l.547 
      ] (./figures/ridge_plots/ridge_plot_mobility.tex
PGFPlots: reading {figures/plots/ridge_ranges_alpha00.csv}
PGFPlots: reading {figures/plots/ridge_ranges_alpha00.csv}
PGFPlots: reading {figures/plots/ridge_ranges_alpha00.csv}
PGFPlots: reading {figures/plots/ridge_ranges_alpha00.csv}
PGFPlots: reading {figures/plots/ridge_ranges_alpha01.csv}
PGFPlots: reading {figures/plots/ridge_ranges_alpha01.csv}
PGFPlots: reading {figures/plots/ridge_ranges_alpha01.csv}
PGFPlots: reading {figures/plots/ridge_ranges_alpha01.csv}
PGFPlots: reading {figures/plots/ridge_ranges_alpha02.csv}
PGFPlots: reading {figures/plots/ridge_ranges_alpha02.csv}
PGFPlots: reading {figures/plots/ridge_ranges_alpha02.csv}
PGFPlots: reading {figures/plots/ridge_ranges_alpha02.csv}
PGFPlots: reading {figures/plots/ridge_ranges_alpha03.csv}
PGFPlots: reading {figures/plots/ridge_ranges_alpha03.csv}
PGFPlots: reading {figures/plots/ridge_ranges_alpha03.csv}
PGFPlots: reading {figures/plots/ridge_ranges_alpha03.csv}
PGFPlots: reading {figures/plots/ridge_ranges_alpha04.csv}
PGFPlots: reading {figures/plots/ridge_ranges_alpha04.csv}
PGFPlots: reading {figures/plots/ridge_ranges_alpha04.csv}
PGFPlots: reading {figures/plots/ridge_ranges_alpha04.csv}
PGFPlots: reading {figures/plots/ridge_ranges_alpha05.csv}
PGFPlots: reading {figures/plots/ridge_ranges_alpha05.csv}
PGFPlots: reading {figures/plots/ridge_ranges_alpha05.csv}
PGFPlots: reading {figures/plots/ridge_ranges_alpha05.csv}
PGFPlots: reading {figures/plots/ridge_ranges_alpha06.csv}
PGFPlots: reading {figures/plots/ridge_ranges_alpha06.csv}
PGFPlots: reading {figures/plots/ridge_ranges_alpha06.csv}
PGFPlots: reading {figures/plots/ridge_ranges_alpha06.csv}
PGFPlots: reading {figures/plots/ridge_ranges_alpha07.csv}
PGFPlots: reading {figures/plots/ridge_ranges_alpha07.csv}
PGFPlots: reading {figures/plots/ridge_ranges_alpha07.csv}
PGFPlots: reading {figures/plots/ridge_ranges_alpha07.csv}
PGFPlots: reading {figures/plots/ridge_ranges_alpha08.csv}
PGFPlots: reading {figures/plots/ridge_ranges_alpha08.csv}
PGFPlots: reading {figures/plots/ridge_ranges_alpha08.csv}
PGFPlots: reading {figures/plots/ridge_ranges_alpha08.csv}
PGFPlots: reading {figures/plots/ridge_ranges_alpha09.csv}
PGFPlots: reading {figures/plots/ridge_ranges_alpha09.csv}
PGFPlots: reading {figures/plots/ridge_ranges_alpha09.csv}
PGFPlots: reading {figures/plots/ridge_ranges_alpha09.csv}
PGFPlots: reading {figures/plots/ridge_ranges_alpha10.csv}
PGFPlots: reading {figures/plots/ridge_ranges_alpha10.csv}
PGFPlots: reading {figures/plots/ridge_ranges_alpha10.csv}
PGFPlots: reading {figures/plots/ridge_ranges_alpha10.csv}
PGFPlots: reading {figures/plots/ridge_ranges_alpha11.csv}
PGFPlots: reading {figures/plots/ridge_ranges_alpha11.csv}
PGFPlots: reading {figures/plots/ridge_ranges_alpha11.csv}
PGFPlots: reading {figures/plots/ridge_ranges_alpha11.csv}
PGFPlots: reading {figures/plots/ridge_ranges_alpha12.csv}
PGFPlots: reading {figures/plots/ridge_ranges_alpha12.csv}
PGFPlots: reading {figures/plots/ridge_ranges_alpha12.csv}
PGFPlots: reading {figures/plots/ridge_ranges_alpha12.csv}
PGFPlots: reading {figures/plots/ridge_ranges_alpha13.csv}
PGFPlots: reading {figures/plots/ridge_ranges_alpha13.csv}
PGFPlots: reading {figures/plots/ridge_ranges_alpha13.csv}
PGFPlots: reading {figures/plots/ridge_ranges_alpha13.csv}
PGFPlots: reading {figures/plots/ridge_ranges_alpha14.csv}
PGFPlots: reading {figures/plots/ridge_ranges_alpha14.csv}
PGFPlots: reading {figures/plots/ridge_ranges_alpha14.csv}
PGFPlots: reading {figures/plots/ridge_ranges_alpha14.csv}
PGFPlots: reading {figures/plots/ridge_ranges_alpha15.csv}
PGFPlots: reading {figures/plots/ridge_ranges_alpha15.csv}
PGFPlots: reading {figures/plots/ridge_ranges_alpha15.csv}
PGFPlots: reading {figures/plots/ridge_ranges_alpha15.csv}
PGFPlots: reading {figures/plots/ridge_ranges_alpha16.csv}
PGFPlots: reading {figures/plots/ridge_ranges_alpha16.csv}
PGFPlots: reading {figures/plots/ridge_ranges_alpha16.csv}
PGFPlots: reading {figures/plots/ridge_ranges_alpha16.csv}
PGFPlots: reading {figures/plots/ridge_ranges_alpha17.csv}
PGFPlots: reading {figures/plots/ridge_ranges_alpha17.csv}
PGFPlots: reading {figures/plots/ridge_ranges_alpha17.csv}
PGFPlots: reading {figures/plots/ridge_ranges_alpha17.csv}
PGFPlots: reading {figures/plots/ridge_ranges_alpha18.csv}
PGFPlots: reading {figures/plots/ridge_ranges_alpha18.csv}
PGFPlots: reading {figures/plots/ridge_ranges_alpha18.csv}
PGFPlots: reading {figures/plots/ridge_ranges_alpha18.csv}
PGFPlots: reading {figures/plots/ridge_ranges_alpha19.csv}
PGFPlots: reading {figures/plots/ridge_ranges_alpha19.csv}
PGFPlots: reading {figures/plots/ridge_ranges_alpha19.csv}
PGFPlots: reading {figures/plots/ridge_ranges_alpha19.csv}
PGFPlots: reading {figures/plots/ridge_ranges_alpha20.csv}
PGFPlots: reading {figures/plots/ridge_ranges_alpha20.csv}
PGFPlots: reading {figures/plots/ridge_ranges_alpha20.csv}
PGFPlots: reading {figures/plots/ridge_ranges_alpha20.csv}
PGFPlots: reading {figures/plots/ridge_ranges_alpha21.csv}
PGFPlots: reading {figures/plots/ridge_ranges_alpha21.csv}
PGFPlots: reading {figures/plots/ridge_ranges_alpha21.csv}
PGFPlots: reading {figures/plots/ridge_ranges_alpha21.csv}
PGFPlots: reading {figures/plots/ridge_ranges_alpha22.csv}
PGFPlots: reading {figures/plots/ridge_ranges_alpha22.csv}
PGFPlots: reading {figures/plots/ridge_ranges_alpha22.csv}
PGFPlots: reading {figures/plots/ridge_ranges_alpha22.csv}
PGFPlots: reading {figures/plots/ridge_ranges_alpha23.csv}
PGFPlots: reading {figures/plots/ridge_ranges_alpha23.csv}
PGFPlots: reading {figures/plots/ridge_ranges_alpha23.csv}
PGFPlots: reading {figures/plots/ridge_ranges_alpha23.csv}
PGFPlots: reading {figures/plots/ridge_ranges_alpha24.csv}
PGFPlots: reading {figures/plots/ridge_ranges_alpha24.csv}
PGFPlots: reading {figures/plots/ridge_ranges_alpha24.csv}
PGFPlots: reading {figures/plots/ridge_ranges_alpha24.csv}
PGFPlots: reading {figures/plots/ridge_ranges_alpha25.csv}
PGFPlots: reading {figures/plots/ridge_ranges_alpha25.csv}
PGFPlots: reading {figures/plots/ridge_ranges_alpha25.csv}
PGFPlots: reading {figures/plots/ridge_ranges_alpha25.csv}
PGFPlots: reading {figures/plots/ridge_std_alpha00.csv}
PGFPlots: reading {figures/plots/ridge_std_alpha00.csv}
PGFPlots: reading {figures/plots/ridge_std_alpha00.csv}
PGFPlots: reading {figures/plots/ridge_std_alpha00.csv}
PGFPlots: reading {figures/plots/ridge_std_alpha01.csv}
PGFPlots: reading {figures/plots/ridge_std_alpha01.csv}
PGFPlots: reading {figures/plots/ridge_std_alpha01.csv}
PGFPlots: reading {figures/plots/ridge_std_alpha01.csv}
PGFPlots: reading {figures/plots/ridge_std_alpha02.csv}
PGFPlots: reading {figures/plots/ridge_std_alpha02.csv}
PGFPlots: reading {figures/plots/ridge_std_alpha02.csv}
PGFPlots: reading {figures/plots/ridge_std_alpha02.csv}
PGFPlots: reading {figures/plots/ridge_std_alpha03.csv}
PGFPlots: reading {figures/plots/ridge_std_alpha03.csv}
PGFPlots: reading {figures/plots/ridge_std_alpha03.csv}
PGFPlots: reading {figures/plots/ridge_std_alpha03.csv}
PGFPlots: reading {figures/plots/ridge_std_alpha04.csv}
PGFPlots: reading {figures/plots/ridge_std_alpha04.csv}
PGFPlots: reading {figures/plots/ridge_std_alpha04.csv}
PGFPlots: reading {figures/plots/ridge_std_alpha04.csv}
PGFPlots: reading {figures/plots/ridge_std_alpha05.csv}
PGFPlots: reading {figures/plots/ridge_std_alpha05.csv}
PGFPlots: reading {figures/plots/ridge_std_alpha05.csv}
PGFPlots: reading {figures/plots/ridge_std_alpha05.csv}
PGFPlots: reading {figures/plots/ridge_std_alpha06.csv}
PGFPlots: reading {figures/plots/ridge_std_alpha06.csv}
PGFPlots: reading {figures/plots/ridge_std_alpha06.csv}
PGFPlots: reading {figures/plots/ridge_std_alpha06.csv}
PGFPlots: reading {figures/plots/ridge_std_alpha07.csv}
PGFPlots: reading {figures/plots/ridge_std_alpha07.csv}
PGFPlots: reading {figures/plots/ridge_std_alpha07.csv}
PGFPlots: reading {figures/plots/ridge_std_alpha07.csv}
PGFPlots: reading {figures/plots/ridge_std_alpha08.csv}
PGFPlots: reading {figures/plots/ridge_std_alpha08.csv}
PGFPlots: reading {figures/plots/ridge_std_alpha08.csv}
PGFPlots: reading {figures/plots/ridge_std_alpha08.csv}
PGFPlots: reading {figures/plots/ridge_std_alpha09.csv}
PGFPlots: reading {figures/plots/ridge_std_alpha09.csv}
PGFPlots: reading {figures/plots/ridge_std_alpha09.csv}
PGFPlots: reading {figures/plots/ridge_std_alpha09.csv}
PGFPlots: reading {figures/plots/ridge_std_alpha10.csv}
PGFPlots: reading {figures/plots/ridge_std_alpha10.csv}
PGFPlots: reading {figures/plots/ridge_std_alpha10.csv}
PGFPlots: reading {figures/plots/ridge_std_alpha10.csv}
PGFPlots: reading {figures/plots/ridge_std_alpha11.csv}
PGFPlots: reading {figures/plots/ridge_std_alpha11.csv}
PGFPlots: reading {figures/plots/ridge_std_alpha11.csv}
PGFPlots: reading {figures/plots/ridge_std_alpha11.csv}
PGFPlots: reading {figures/plots/ridge_std_alpha12.csv}
PGFPlots: reading {figures/plots/ridge_std_alpha12.csv}
PGFPlots: reading {figures/plots/ridge_std_alpha12.csv}
PGFPlots: reading {figures/plots/ridge_std_alpha12.csv}
PGFPlots: reading {figures/plots/ridge_std_alpha13.csv}
PGFPlots: reading {figures/plots/ridge_std_alpha13.csv}
PGFPlots: reading {figures/plots/ridge_std_alpha13.csv}
PGFPlots: reading {figures/plots/ridge_std_alpha13.csv}
PGFPlots: reading {figures/plots/ridge_std_alpha14.csv}
PGFPlots: reading {figures/plots/ridge_std_alpha14.csv}
PGFPlots: reading {figures/plots/ridge_std_alpha14.csv}
PGFPlots: reading {figures/plots/ridge_std_alpha14.csv}
PGFPlots: reading {figures/plots/ridge_std_alpha15.csv}
PGFPlots: reading {figures/plots/ridge_std_alpha15.csv}
PGFPlots: reading {figures/plots/ridge_std_alpha15.csv}
PGFPlots: reading {figures/plots/ridge_std_alpha15.csv}
PGFPlots: reading {figures/plots/ridge_std_alpha16.csv}
PGFPlots: reading {figures/plots/ridge_std_alpha16.csv}
PGFPlots: reading {figures/plots/ridge_std_alpha16.csv}
PGFPlots: reading {figures/plots/ridge_std_alpha16.csv}
PGFPlots: reading {figures/plots/ridge_std_alpha17.csv}
PGFPlots: reading {figures/plots/ridge_std_alpha17.csv}
PGFPlots: reading {figures/plots/ridge_std_alpha17.csv}
PGFPlots: reading {figures/plots/ridge_std_alpha17.csv}
PGFPlots: reading {figures/plots/ridge_std_alpha18.csv}
PGFPlots: reading {figures/plots/ridge_std_alpha18.csv}
PGFPlots: reading {figures/plots/ridge_std_alpha18.csv}
PGFPlots: reading {figures/plots/ridge_std_alpha18.csv}
PGFPlots: reading {figures/plots/ridge_std_alpha19.csv}
PGFPlots: reading {figures/plots/ridge_std_alpha19.csv}
PGFPlots: reading {figures/plots/ridge_std_alpha19.csv}
PGFPlots: reading {figures/plots/ridge_std_alpha19.csv}
PGFPlots: reading {figures/plots/ridge_std_alpha20.csv}
PGFPlots: reading {figures/plots/ridge_std_alpha20.csv}
PGFPlots: reading {figures/plots/ridge_std_alpha20.csv}
PGFPlots: reading {figures/plots/ridge_std_alpha20.csv}
PGFPlots: reading {figures/plots/ridge_std_alpha21.csv}
PGFPlots: reading {figures/plots/ridge_std_alpha21.csv}
PGFPlots: reading {figures/plots/ridge_std_alpha21.csv}
PGFPlots: reading {figures/plots/ridge_std_alpha21.csv}
PGFPlots: reading {figures/plots/ridge_std_alpha22.csv}
PGFPlots: reading {figures/plots/ridge_std_alpha22.csv}
PGFPlots: reading {figures/plots/ridge_std_alpha22.csv}
PGFPlots: reading {figures/plots/ridge_std_alpha22.csv}
PGFPlots: reading {figures/plots/ridge_std_alpha23.csv}
PGFPlots: reading {figures/plots/ridge_std_alpha23.csv}
PGFPlots: reading {figures/plots/ridge_std_alpha23.csv}
PGFPlots: reading {figures/plots/ridge_std_alpha23.csv}
PGFPlots: reading {figures/plots/ridge_std_alpha24.csv}
PGFPlots: reading {figures/plots/ridge_std_alpha24.csv}
PGFPlots: reading {figures/plots/ridge_std_alpha24.csv}
PGFPlots: reading {figures/plots/ridge_std_alpha24.csv}
PGFPlots: reading {figures/plots/ridge_std_alpha25.csv}
PGFPlots: reading {figures/plots/ridge_std_alpha25.csv}
PGFPlots: reading {figures/plots/ridge_std_alpha25.csv}
PGFPlots: reading {figures/plots/ridge_std_alpha25.csv}

Overfull \hbox (40.90991pt too wide) in paragraph at lines 129--130
 [][] 
 []

)

[25]

[26
pdfTeX warning (ext4): destination with the same identifier (name{figure.5}) has been already used, duplicate ignored
<argument> ...shipout:D \box_use:N \l_shipout_box 
                                                  \__shipout_drop_firstpage_...
l.553 ...match different product life cycles. \par
                                                  ]

[27]

[28]

[29]

[30]

[31] (build/collaboration.bbl
Underfull \hbox (badness 1383) in paragraph at lines 19--22
[]\T1/cmr/m/n/12 Robert L Ax-tell.  Zipf dis-tri-bu-tion of us firm sizes.  \T1/cmr/m/it/12 Sci-ence\T1/cmr/m/n/12 ,
 []



[32

]

[33]

[34]

[35]
Underfull \hbox (badness 1014) in paragraph at lines 254--257
[]\T1/cmr/m/n/12 Natalia Ra-mondo, Veron-ica Rap-poport, and Kim J Ruhl.  The
 []



[36]

[37])

[38] (build/collaboration.aux)
 ***********
LaTeX2e <2024-11-01> patch level 2
L3 programming layer <2025-01-18>
 ***********
Package rerunfilecheck Info: File `collaboration.out' has not changed.
(rerunfilecheck)             Checksum: 86F963BFC3AA45A486AE1A3AD03C45A7;826.
 ) 
Here is how much of TeX's memory you used:
 34225 strings out of 473190
 802746 string characters out of 5715801
 4070336 words of memory out of 5000000
 56557 multiletter control sequences out of 15000+600000
 581704 words of font info for 93 fonts, out of 8000000 for 9000
 1141 hyphenation exceptions out of 8191
 99i,19n,101p,7060b,2484s stack positions out of 10000i,1000n,20000p,200000b,200000s

pdfTeX warning (dest): name{Hfootnote.1} has been referenced but does not exist, replaced by a fixed one

</usr/local/texlive/2025/texmf-dist/fonts/type1/public/amsfonts/cm/cmex10.pfb></usr/local/texlive/2025/texmf-dist/fonts/type1/public/amsfonts/cm/cmmi10.pfb></usr/local/texlive/2025/texmf-dist/fonts/type1/public/amsfonts/cm/cmmi12.pfb></usr/local/texlive/2025/texmf-dist/fonts/type1/public/amsfonts/cm/cmmi6.pfb></usr/local/texlive/2025/texmf-dist/fonts/type1/public/amsfonts/cm/cmmi8.pfb></usr/local/texlive/2025/texmf-dist/fonts/type1/public/amsfonts/cm/cmr10.pfb></usr/local/texlive/2025/texmf-dist/fonts/type1/public/amsfonts/cm/cmr12.pfb></usr/local/texlive/2025/texmf-dist/fonts/type1/public/amsfonts/cm/cmr6.pfb></usr/local/texlive/2025/texmf-dist/fonts/type1/public/amsfonts/cm/cmr8.pfb></usr/local/texlive/2025/texmf-dist/fonts/type1/public/amsfonts/cm/cmsy10.pfb></usr/local/texlive/2025/texmf-dist/fonts/type1/public/amsfonts/cm/cmsy7.pfb></usr/local/texlive/2025/texmf-dist/fonts/type1/public/amsfonts/cm/cmsy8.pfb></usr/local/texlive/2025/texmf-dist/fonts/type1/public/cm-super/sfbx1095.pfb></usr/local/texlive/2025/texmf-dist/fonts/type1/public/cm-super/sfbx1200.pfb></usr/local/texlive/2025/texmf-dist/fonts/type1/public/cm-super/sfbx1440.pfb></usr/local/texlive/2025/texmf-dist/fonts/type1/public/cm-super/sfbx1728.pfb></usr/local/texlive/2025/texmf-dist/fonts/type1/public/cm-super/sfrm0700.pfb></usr/local/texlive/2025/texmf-dist/fonts/type1/public/cm-super/sfrm0800.pfb></usr/local/texlive/2025/texmf-dist/fonts/type1/public/cm-super/sfrm1000.pfb></usr/local/texlive/2025/texmf-dist/fonts/type1/public/cm-super/sfrm1095.pfb></usr/local/texlive/2025/texmf-dist/fonts/type1/public/cm-super/sfrm1200.pfb></usr/local/texlive/2025/texmf-dist/fonts/type1/public/cm-super/sfrm1440.pfb></usr/local/texlive/2025/texmf-dist/fonts/type1/public/cm-super/sfrm2074.pfb></usr/local/texlive/2025/texmf-dist/fonts/type1/public/cm-super/sfti1000.pfb></usr/local/texlive/2025/texmf-dist/fonts/type1/public/cm-super/sfti1200.pfb>
Output written on build/collaboration.pdf (38 pages, 678248 bytes).
PDF statistics:
 643 PDF objects out of 1000 (max. 8388607)
 545 compressed objects within 6 object streams
 145 named destinations out of 1000 (max. 500000)
 77 words of extra memory for PDF output out of 10000 (max. 10000000)

